[INFO] Scanning for projects...
[INFO] 
[INFO] -----------------------< com.hrms:hrms-backend >------------------------
[INFO] Building HRMS Backend 1.0.0
[INFO]   from pom.xml
[INFO] --------------------------------[ jar ]---------------------------------
[INFO] 
[INFO] --- resources:3.3.1:resources (default-resources) @ hrms-backend ---
[INFO] Copying 1 resource from src\main\resources to target\classes
[INFO] Copying 4 resources from src\main\resources to target\classes
[INFO] 
[INFO] --- compiler:3.11.0:compile (default-compile) @ hrms-backend ---
[INFO] Changes detected - recompiling the module! :source
[INFO] Compiling 73 source files with javac [debug release 17] to target\classes
[INFO] /C:/Users/Admin/Desktop/hrms-project/backend/src/main/java/com/hrms/controller/TimesheetController.java: C:\Users\Admin\Desktop\hrms-project\backend\src\main\java\com\hrms\controller\TimesheetController.java uses unchecked or unsafe operations.
[INFO] /C:/Users/Admin/Desktop/hrms-project/backend/src/main/java/com/hrms/controller/TimesheetController.java: Recompile with -Xlint:unchecked for details.
[INFO] -------------------------------------------------------------
[WARNING] COMPILATION WARNING : 
[INFO] -------------------------------------------------------------
[WARNING] /C:/Users/Admin/Desktop/hrms-project/backend/src/main/java/com/hrms/model/Employee.java:[86,25] @Builder will ignore the initializing expression entirely. If you want the initializing expression to serve as default, add @Builder.Default. If it is not supposed to be settable during building, make the field final.
[WARNING] /C:/Users/Admin/Desktop/hrms-project/backend/src/main/java/com/hrms/model/Employee.java:[92,40] @Builder will ignore the initializing expression entirely. If you want the initializing expression to serve as default, add @Builder.Default. If it is not supposed to be settable during building, make the field final.
[INFO] 2 warnings 
[INFO] -------------------------------------------------------------
[INFO] -------------------------------------------------------------
[ERROR] COMPILATION ERROR : 
[INFO] -------------------------------------------------------------
[ERROR] /C:/Users/Admin/Desktop/hrms-project/backend/src/main/java/com/hrms/service/LeaveService.java:[99,9] cannot find symbol
  symbol:   class CompanyDetail
  location: class com.hrms.service.LeaveService
[INFO] 1 error
[INFO] -------------------------------------------------------------
[INFO] ------------------------------------------------------------------------
[INFO] BUILD FAILURE
[INFO] ------------------------------------------------------------------------
[INFO] Total time:  7.451 s
[INFO] Finished at: 2026-02-24T14:01:36+05:30
[INFO] ------------------------------------------------------------------------
[ERROR] Failed to execute goal org.apache.maven.plugins:maven-compiler-plugin:3.11.0:compile (default-compile) on project hrms-backend: Compilation failure
[ERROR] /C:/Users/Admin/Desktop/hrms-project/backend/src/main/java/com/hrms/service/LeaveService.java:[99,9] cannot find symbol
[ERROR]   symbol:   class CompanyDetail
[ERROR]   location: class com.hrms.service.LeaveService
[ERROR] 
[ERROR] -> [Help 1]
[ERROR] 
[ERROR] To see the full stack trace of the errors, re-run Maven with the -e switch.
[ERROR] Re-run Maven using the -X switch to enable full debug logging.
[ERROR] 
[ERROR] For more information about the errors and possible solutions, please read the following articles:
[ERROR] [Help 1] http://cwiki.apache.org/confluence/display/MAVEN/MojoFailureException
